[www.webstrot.com/html/webstrotadmin/bootstrap3/default/index.html]
[backblue.gif]
[fade.gif]
[index.html]
[www.webstrot.com/google_analytics_auto.js]
[www.webstrot.com/html/webstrotadmin/bootstrap3/default/index-v1.html]
[www.webstrot.com/html/webstrotadmin/bootstrap3/default/index-school.html]
[www.webstrot.com/html/webstrotadmin/bootstrap3/default/index-ecommerce-v2.html]
[www.webstrot.com/html/webstrotadmin/bootstrap3/default/index-ecommerce.html]
[www.webstrot.com/html/webstrotadmin/bootstrap3/default/school-student.html]
[www.webstrot.com/html/webstrotadmin/bootstrap3/default/school-student-profile.html]
[www.webstrot.com/html/webstrotadmin/bootstrap3/default/school-student-details.html]
[www.webstrot.com/html/webstrotadmin/bootstrap3/default/school-hostel-room.html]
[www.webstrot.com/html/webstrotadmin/bootstrap3/default/school-all-student-table.html]
[www.webstrot.com/html/webstrotadmin/bootstrap3/default/school-student-search.html]
[www.webstrot.com/html/webstrotadmin/bootstrap3/default/school-teacher-information.html]
[www.webstrot.com/html/webstrotadmin/bootstrap3/default/school-all-teacher-table.html]
[www.webstrot.com/html/webstrotadmin/bootstrap3/default/school-class-information.html]
[www.webstrot.com/html/webstrotadmin/bootstrap3/default/school-subject.html]
[www.webstrot.com/html/webstrotadmin/bootstrap3/default/school-class-routine.html]
[www.webstrot.com/html/webstrotadmin/bootstrap3/default/school-attendace-sheet.html]
[www.webstrot.com/html/webstrotadmin/bootstrap3/default/school-grade-list.html]
[www.webstrot.com/html/webstrotadmin/bootstrap3/default/school-new-exam.html]
[www.webstrot.com/html/webstrotadmin/bootstrap3/default/school-account-setting.html]
[www.webstrot.com/html/webstrotadmin/bootstrap3/default/school-student-fees-collection.html]
[www.webstrot.com/html/webstrotadmin/bootstrap3/default/school-payment-information.html]
[www.webstrot.com/html/webstrotadmin/bootstrap3/default/school-add-new-expenses.html]
[www.webstrot.com/html/webstrotadmin/bootstrap3/default/school-all-expense-list.html]
[www.webstrot.com/html/webstrotadmin/bootstrap3/default/school-book-information.html]
[www.webstrot.com/html/webstrotadmin/bootstrap3/default/school-book-list.html]
[www.webstrot.com/html/webstrotadmin/bootstrap3/default/school-all-parents-list.html]
[www.webstrot.com/html/webstrotadmin/bootstrap3/default/school-parents.html]
[www.webstrot.com/html/webstrotadmin/bootstrap3/default/school-notice.html]
[www.webstrot.com/html/webstrotadmin/bootstrap3/default/school-transport.html]
[www.webstrot.com/html/webstrotadmin/bootstrap3/default/restaurant-menu-one.html]
[www.webstrot.com/html/webstrotadmin/bootstrap3/default/restaurant-menu-two.html]
[www.webstrot.com/html/webstrotadmin/bootstrap3/default/restaurant-menu-three.html]
[www.webstrot.com/html/webstrotadmin/bootstrap3/default/restaurant-favourite-list.html]
[www.webstrot.com/html/webstrotadmin/bootstrap3/default/restaurant-order-list.html]
[www.webstrot.com/html/webstrotadmin/bootstrap3/default/restaurant-booking.html]
[www.webstrot.com/html/webstrotadmin/bootstrap3/default/restaurant-upload-menu.html]
[www.webstrot.com/html/webstrotadmin/bootstrap3/default/chart-flot.html]
[www.webstrot.com/html/webstrotadmin/bootstrap3/default/chart-morris.html]
[www.webstrot.com/html/webstrotadmin/bootstrap3/default/chartjs.html]
[www.webstrot.com/html/webstrotadmin/bootstrap3/default/chartist.html]
[www.webstrot.com/html/webstrotadmin/bootstrap3/default/chart-peity.html]
[www.webstrot.com/html/webstrotadmin/bootstrap3/default/chart-sparkline.html]
[www.webstrot.com/html/webstrotadmin/bootstrap3/default/chart-knob.html]
[www.webstrot.com/html/webstrotadmin/bootstrap3/default/app-event-calender.html]
[www.webstrot.com/html/webstrotadmin/bootstrap3/default/app-email.html]
[www.webstrot.com/html/webstrotadmin/bootstrap3/default/app-profile.html]
[www.webstrot.com/html/webstrotadmin/bootstrap3/default/app-widget-card.html]
[www.webstrot.com/html/webstrotadmin/bootstrap3/default/ui-accordion.html]
[www.webstrot.com/html/webstrotadmin/bootstrap3/default/ui-alerts.html]
[www.webstrot.com/html/webstrotadmin/bootstrap3/default/ui-badges.html]
[www.webstrot.com/html/webstrotadmin/bootstrap3/default/ui-button.html]
[www.webstrot.com/html/webstrotadmin/bootstrap3/default/ui-dropdown.html]
[www.webstrot.com/html/webstrotadmin/bootstrap3/default/ui-list-group.html]
[www.webstrot.com/html/webstrotadmin/bootstrap3/default/ui-panels.html]
[www.webstrot.com/html/webstrotadmin/bootstrap3/default/ui-progressbar.html]
[www.webstrot.com/html/webstrotadmin/bootstrap3/default/ui-tab.html]
[www.webstrot.com/html/webstrotadmin/bootstrap3/default/ui-wells.html]
[www.webstrot.com/html/webstrotadmin/bootstrap3/default/uc-calendar.html]
[www.webstrot.com/html/webstrotadmin/bootstrap3/default/uc-carousel.html]
[www.webstrot.com/html/webstrotadmin/bootstrap3/default/uc-weather.html]
[www.webstrot.com/html/webstrotadmin/bootstrap3/default/uc-datamap.html]
[www.webstrot.com/html/webstrotadmin/bootstrap3/default/uc-todo-list.html]
[www.webstrot.com/html/webstrotadmin/bootstrap3/default/uc-scrollable.html]
[www.webstrot.com/html/webstrotadmin/bootstrap3/default/uc-sweetalert.html]
[www.webstrot.com/html/webstrotadmin/bootstrap3/default/uc-toastr.html]
[www.webstrot.com/html/webstrotadmin/bootstrap3/default/uc-range-slider-basic.html]
[www.webstrot.com/html/webstrotadmin/bootstrap3/default/uc-range-slider-advance.html]
[www.webstrot.com/html/webstrotadmin/bootstrap3/default/uc-nestable.html]
[www.webstrot.com/html/webstrotadmin/bootstrap3/default/uc-portlets.html]
[www.webstrot.com/html/webstrotadmin/bootstrap3/default/uc-rating-bar-rating.html]
[www.webstrot.com/html/webstrotadmin/bootstrap3/default/uc-rating-jRate.html]
[www.webstrot.com/html/webstrotadmin/bootstrap3/default/table-basic.html]
[www.webstrot.com/html/webstrotadmin/bootstrap3/default/table-data.html]
[www.webstrot.com/html/webstrotadmin/bootstrap3/default/table-export.html]
[www.webstrot.com/html/webstrotadmin/bootstrap3/default/table-row-select.html]
[www.webstrot.com/html/webstrotadmin/bootstrap3/default/table-jsgrid.html]
[www.webstrot.com/html/webstrotadmin/bootstrap3/default/font-themify.html]
[www.webstrot.com/html/webstrotadmin/bootstrap3/default/gmaps.html]
[www.webstrot.com/html/webstrotadmin/bootstrap3/default/vector-map.html]
[www.webstrot.com/html/webstrotadmin/bootstrap3/default/form-basic.html]
[www.webstrot.com/html/webstrotadmin/bootstrap3/default/invoice.html]
[www.webstrot.com/html/webstrotadmin/bootstrap3/default/invoice-editable.html]
[www.webstrot.com/html/webstrotadmin/bootstrap3/default/page-login.html]
[www.webstrot.com/html/webstrotadmin/bootstrap3/default/page-register.html]
[www.webstrot.com/html/webstrotadmin/bootstrap3/default/page-reset-password.html]
[www.webstrot.com/html/webstrotadmin/bootstrap3/default/assets/images/avatar/3.jpg]
[www.webstrot.com/html/webstrotadmin/bootstrap3/default/assets/images/avatar/1.jpg]
[www.webstrot.com/html/webstrotadmin/bootstrap3/default/assets/images/avatar/2.jpg]
[www.webstrot.com/html/webstrotadmin/bootstrap3/default/assets/images/profile-bg.jpg]
[www.webstrot.com/html/webstrotadmin/bootstrap3/default/assets/images/user-female.png]
[www.webstrot.com/html/webstrotadmin/bootstrap3/default/assets/js/lib/jquery.min.js]
[www.webstrot.com/html/webstrotadmin/bootstrap3/default/assets/js/lib/jquery.nanoscroller.min.js]
[www.webstrot.com/html/webstrotadmin/bootstrap3/default/assets/js/lib/menubar/sidebar.js]
[www.webstrot.com/html/webstrotadmin/bootstrap3/default/assets/js/lib/preloader/pace.min.js]
[www.webstrot.com/html/webstrotadmin/bootstrap3/default/assets/js/lib/bootstrap.min.js]
[www.webstrot.com/html/webstrotadmin/bootstrap3/default/assets/js/lib/weather/jquery.simpleWeather.min.js]
[www.webstrot.com/html/webstrotadmin/bootstrap3/default/assets/js/lib/weather/weather-init.js]
[www.webstrot.com/html/webstrotadmin/bootstrap3/default/assets/js/lib/circle-progress/circle-progress.min.js]
[www.webstrot.com/html/webstrotadmin/bootstrap3/default/assets/js/lib/circle-progress/circle-progress-init.js]
[www.webstrot.com/html/webstrotadmin/bootstrap3/default/assets/js/lib/chartist/chartist.min.js]
[www.webstrot.com/html/webstrotadmin/bootstrap3/default/assets/js/lib/chartist/chartist-init.js]
[www.webstrot.com/html/webstrotadmin/bootstrap3/default/assets/js/lib/sparklinechart/jquery.sparkline.min.js]
[www.webstrot.com/html/webstrotadmin/bootstrap3/default/assets/js/lib/sparklinechart/sparkline.init.js]
[www.webstrot.com/html/webstrotadmin/bootstrap3/default/assets/js/lib/owl-carousel/owl.carousel.min.js]
[www.webstrot.com/html/webstrotadmin/bootstrap3/default/assets/js/lib/owl-carousel/owl.carousel-init.js]
[www.webstrot.com/html/webstrotadmin/bootstrap3/default/assets/js/scripts.js]
[www.webstrot.com/html/webstrotadmin/bootstrap3/default/index.html]
[www.webstrot.com/html/webstrotadmin/bootstrap3/default/assets/css/lib/chartist/chartist.min.css]
[www.webstrot.com/html/webstrotadmin/bootstrap3/default/assets/fonts/fontawesome-webfont3e6e.eot]
[www.webstrot.com/html/webstrotadmin/bootstrap3/default/assets/fonts/fontawesome-webfontd41d.eot]
[www.webstrot.com/html/webstrotadmin/bootstrap3/default/assets/fonts/fontawesome-webfont3e6e.woff2]
[www.webstrot.com/html/webstrotadmin/bootstrap3/default/assets/fonts/fontawesome-webfont3e6e.woff]
[www.webstrot.com/html/webstrotadmin/bootstrap3/default/assets/fonts/fontawesome-webfont3e6e.ttf]
[www.webstrot.com/html/webstrotadmin/bootstrap3/default/assets/css/lib/font-awesome.min.css]
[www.webstrot.com/html/webstrotadmin/bootstrap3/default/assets/fonts/themify9f24.eot]
[www.webstrot.com/html/webstrotadmin/bootstrap3/default/assets/fonts/themifyd41d.eot]
[www.webstrot.com/html/webstrotadmin/bootstrap3/default/assets/fonts/themify9f24.woff]
[www.webstrot.com/html/webstrotadmin/bootstrap3/default/assets/fonts/themify9f24.ttf]
[www.webstrot.com/html/webstrotadmin/bootstrap3/default/assets/css/admin/assets/fonts/themify9f24.eot]
[www.webstrot.com/html/webstrotadmin/bootstrap3/default/assets/css/admin/assets/fonts/themifyd41d.eot]
[www.webstrot.com/html/webstrotadmin/bootstrap3/default/assets/css/admin/assets/fonts/themify9f24.woff]
[www.webstrot.com/html/webstrotadmin/bootstrap3/default/assets/css/admin/assets/fonts/themify9f24.ttf]
[www.webstrot.com/html/webstrotadmin/bootstrap3/default/assets/css/lib/themify-icons.css]
[webstrot.com/html/webstrotadmin/bootstrap3/default/assets/css/lib/owl.video.play.8a.delayed]
[www.webstrot.com/html/webstrotadmin/bootstrap3/default/assets/css/lib/owl.carousel.min.css]
[www.webstrot.com/html/webstrotadmin/bootstrap3/default/assets/css/lib/owl.theme.default.min.css]
[www.webstrot.com/html/webstrotadmin/bootstrap3/default/assets/fonts/weathericons-regular-webfont.eot]
[www.webstrot.com/html/webstrotadmin/bootstrap3/default/assets/fonts/weathericons-regular-webfontd41d.eot]
[www.webstrot.com/html/webstrotadmin/bootstrap3/default/assets/fonts/weathericons-regular-webfont.woff2]
[www.webstrot.com/html/webstrotadmin/bootstrap3/default/assets/fonts/weathericons-regular-webfont.woff]
[www.webstrot.com/html/webstrotadmin/bootstrap3/default/assets/fonts/weathericons-regular-webfont.ttf]
[www.webstrot.com/html/webstrotadmin/bootstrap3/default/assets/css/lib/weather-icons.css]
[www.webstrot.com/html/webstrotadmin/bootstrap3/default/assets/css/lib/menubar/sidebar.css]
[www.webstrot.com/html/webstrotadmin/bootstrap3/default/assets/css/lib/bootstrap.min.css]
[www.webstrot.com/html/webstrotadmin/bootstrap3/default/assets/css/lib/unix.css]
[www.webstrot.com/html/webstrotadmin/bootstrap3/default/assets/fonts/MontserratLight.eot]
[www.webstrot.com/html/webstrotadmin/bootstrap3/default/assets/fonts/MontserratLight.woff2]
[www.webstrot.com/html/webstrotadmin/bootstrap3/default/assets/fonts/MontserratLight.woff]
[www.webstrot.com/html/webstrotadmin/bootstrap3/default/assets/fonts/MontserratLight.ttf]
[www.webstrot.com/html/webstrotadmin/bootstrap3/default/assets/fonts/glyphicons-halflings-regular.eot]
[www.webstrot.com/html/webstrotadmin/bootstrap3/default/assets/fonts/glyphicons-halflings-regular.woff]
[www.webstrot.com/html/webstrotadmin/bootstrap3/default/assets/fonts/glyphicons-halflings-regulard41d.eot]
[www.webstrot.com/html/webstrotadmin/bootstrap3/default/assets/fonts/glyphicons-halflings-regular.ttf]
[www.webstrot.com/html/webstrotadmin/bootstrap3/default/assets/css/style.css]
[www.webstrot.com/html/webstrotadmin/bootstrap3/default/index-v1.html]
[www.webstrot.com/html/webstrotadmin/bootstrap3/default/assets/js/lib/calendar-2/moment.latest.min.js]
[www.webstrot.com/html/webstrotadmin/bootstrap3/default/assets/js/lib/calendar-2/semantic.ui.min.js]
[www.webstrot.com/html/webstrotadmin/bootstrap3/default/assets/js/lib/calendar-2/prism.min.js]
[www.webstrot.com/html/webstrotadmin/bootstrap3/default/assets/js/lib/calendar-2/pignose.calendar.min.js]
[www.webstrot.com/html/webstrotadmin/bootstrap3/default/assets/js/lib/calendar-2/pignose.init.js]
[www.webstrot.com/html/webstrotadmin/bootstrap3/default/index-school.html]
[www.webstrot.com/html/webstrotadmin/bootstrap3/default/assets/images/user.jpg]
[www.webstrot.com/html/webstrotadmin/bootstrap3/default/assets/images/product.jpg]
[www.webstrot.com/html/webstrotadmin/bootstrap3/default/assets/js/lib/peitychart/jquery.peity.min.js]
[www.webstrot.com/html/webstrotadmin/bootstrap3/default/assets/js/lib/peitychart/peitychart.init.js]
[www.webstrot.com/html/webstrotadmin/bootstrap3/default/assets/js/lib/datamap/d3.min.js]
[www.webstrot.com/html/webstrotadmin/bootstrap3/default/assets/js/lib/datamap/topojson.js]
[www.webstrot.com/html/webstrotadmin/bootstrap3/default/assets/js/lib/datamap/datamaps.world.min.js]
[www.webstrot.com/html/webstrotadmin/bootstrap3/default/assets/js/lib/datamap/datamap-init.js]
[www.webstrot.com/html/webstrotadmin/bootstrap3/default/assets/js/lib/morris-chart/raphael-min.js]
[www.webstrot.com/html/webstrotadmin/bootstrap3/default/assets/js/lib/morris-chart/morris.js]
[www.webstrot.com/html/webstrotadmin/bootstrap3/default/assets/js/lib/morris-chart/morris-init.js]
[www.webstrot.com/html/webstrotadmin/bootstrap3/default/index-ecommerce.html]
[www.webstrot.com/html/webstrotadmin/bootstrap3/default/assets/images/product-2.jpg]
[www.webstrot.com/html/webstrotadmin/bootstrap3/default/index-ecommerce-v2.html]
[www.webstrot.com/html/webstrotadmin/bootstrap3/default/assets/images/user-profile.jpg]
[www.webstrot.com/html/webstrotadmin/bootstrap3/default/school-student.html]
[www.webstrot.com/html/webstrotadmin/bootstrap3/default/school-student-profile.html]
[www.webstrot.com/html/webstrotadmin/bootstrap3/default/school-student-details.html]
[www.webstrot.com/html/webstrotadmin/bootstrap3/default/school-hostel-room.html]
[www.webstrot.com/html/webstrotadmin/bootstrap3/default/assets/images/user-1.png]
[www.webstrot.com/html/webstrotadmin/bootstrap3/default/school-all-student-table.html]
[www.webstrot.com/html/webstrotadmin/bootstrap3/default/school-student-search.html]
[www.webstrot.com/html/webstrotadmin/bootstrap3/default/school-teacher-information.html]
[www.webstrot.com/html/webstrotadmin/bootstrap3/default/school-all-teacher-table.html]
[www.webstrot.com/html/webstrotadmin/bootstrap3/default/school-class-information.html]
[www.webstrot.com/html/webstrotadmin/bootstrap3/default/school-subject.html]
[www.webstrot.com/html/webstrotadmin/bootstrap3/default/school-class-routine.html]
[www.webstrot.com/html/webstrotadmin/bootstrap3/default/school-attendace-sheet.html]
[www.webstrot.com/html/webstrotadmin/bootstrap3/default/school-grade-list.html]
[www.webstrot.com/html/webstrotadmin/bootstrap3/default/school-new-exam.html]
[www.webstrot.com/html/webstrotadmin/bootstrap3/default/school-account-setting.html]
[www.webstrot.com/html/webstrotadmin/bootstrap3/default/school-student-fees-collection.html]
[www.webstrot.com/html/webstrotadmin/bootstrap3/default/school-payment-information.html]
[www.webstrot.com/html/webstrotadmin/bootstrap3/default/school-add-new-expenses.html]
[www.webstrot.com/html/webstrotadmin/bootstrap3/default/school-all-expense-list.html]
[www.webstrot.com/html/webstrotadmin/bootstrap3/default/school-book-information.html]
[www.webstrot.com/html/webstrotadmin/bootstrap3/default/school-book-list.html]
[www.webstrot.com/html/webstrotadmin/bootstrap3/default/school-all-parents-list.html]
[www.webstrot.com/html/webstrotadmin/bootstrap3/default/school-parents.html]
[www.webstrot.com/html/webstrotadmin/bootstrap3/default/school-notice.html]
[www.webstrot.com/html/webstrotadmin/bootstrap3/default/school-transport.html]
[www.webstrot.com/html/webstrotadmin/bootstrap3/default/assets/images/product_1/download.jpg]
[www.webstrot.com/html/webstrotadmin/bootstrap3/default/assets/js/lib/mmc-common.js]
[www.webstrot.com/html/webstrotadmin/bootstrap3/default/assets/js/lib/mmc-chat.js]
[www.webstrot.com/html/webstrotadmin/bootstrap3/default/assets/js/lib/nestable/jquery.nestable.js]
[www.webstrot.com/html/webstrotadmin/bootstrap3/default/assets/js/lib/nestable/nestable.init.js]
[www.webstrot.com/html/webstrotadmin/bootstrap3/default/restaurant-menu-one.html]
[www.webstrot.com/html/webstrotadmin/bootstrap3/default/assets/images/product_1/image-8-226x223.jpg]
[www.webstrot.com/html/webstrotadmin/bootstrap3/default/restaurant-menu-two.html]
[www.webstrot.com/html/webstrotadmin/bootstrap3/default/restaurant-menu-three.html]
[www.webstrot.com/html/webstrotadmin/bootstrap3/default/restaurant-favourite-list.html]
[www.webstrot.com/html/webstrotadmin/bootstrap3/default/assets/js/lib/rating1/jRate.min.js]
[www.webstrot.com/html/webstrotadmin/bootstrap3/default/assets/js/lib/rating1/jRate.init.js]
[www.webstrot.com/html/webstrotadmin/bootstrap3/default/restaurant-order-list.html]
[www.webstrot.com/html/webstrotadmin/bootstrap3/default/assets/images/bookingSystem/8.png]
[www.webstrot.com/html/webstrotadmin/bootstrap3/default/assets/images/bookingSystem/2.png]
[www.webstrot.com/html/webstrotadmin/bootstrap3/default/assets/images/bookingSystem/3.png]
[www.webstrot.com/html/webstrotadmin/bootstrap3/default/assets/images/bookingSystem/4.png]
[www.webstrot.com/html/webstrotadmin/bootstrap3/default/assets/images/bookingSystem/5.png]
[www.webstrot.com/html/webstrotadmin/bootstrap3/default/assets/images/bookingSystem/6.png]
[www.webstrot.com/html/webstrotadmin/bootstrap3/default/assets/images/bookingSystem/7.png]
[www.webstrot.com/html/webstrotadmin/bootstrap3/default/restaurant-booking.html]
[www.webstrot.com/html/webstrotadmin/bootstrap3/default/restaurant-upload-menu.html]
[www.webstrot.com/html/webstrotadmin/bootstrap3/default/assets/js/lib/flot-chart/excanvas.min.js]
[www.webstrot.com/html/webstrotadmin/bootstrap3/default/assets/js/lib/flot-chart/jquery.flot.js]
[www.webstrot.com/html/webstrotadmin/bootstrap3/default/assets/js/lib/flot-chart/jquery.flot.pie.js]
[www.webstrot.com/html/webstrotadmin/bootstrap3/default/assets/js/lib/flot-chart/jquery.flot.time.js]
[www.webstrot.com/html/webstrotadmin/bootstrap3/default/assets/js/lib/flot-chart/jquery.flot.stack.js]
[www.webstrot.com/html/webstrotadmin/bootstrap3/default/assets/js/lib/flot-chart/jquery.flot.resize.js]
[www.webstrot.com/html/webstrotadmin/bootstrap3/default/assets/js/lib/flot-chart/jquery.flot.crosshair.js]
[www.webstrot.com/html/webstrotadmin/bootstrap3/default/assets/js/lib/flot-chart/curvedLines.js]
[www.webstrot.com/html/webstrotadmin/bootstrap3/default/assets/js/lib/flot-chart/flot-tooltip/jquery.flot.tooltip.min.js]
[www.webstrot.com/html/webstrotadmin/bootstrap3/default/assets/js/lib/flot-chart/flot-chart-init.js]
[www.webstrot.com/html/webstrotadmin/bootstrap3/default/chart-flot.html]
[www.webstrot.com/html/webstrotadmin/bootstrap3/default/chart-morris.html]
[www.webstrot.com/html/webstrotadmin/bootstrap3/default/assets/js/lib/chart-js/Chart.bundle.js]
[www.webstrot.com/html/webstrotadmin/bootstrap3/default/assets/js/lib/chart-js/chartjs-init.js]
[www.webstrot.com/html/webstrotadmin/bootstrap3/default/chartjs.html]
[www.webstrot.com/html/webstrotadmin/bootstrap3/default/assets/js/lib/chartist/chartist-plugin-tooltip.min.js]
[www.webstrot.com/html/webstrotadmin/bootstrap3/default/chartist.html]
[www.webstrot.com/html/webstrotadmin/bootstrap3/default/chart-peity.html]
[www.webstrot.com/html/webstrotadmin/bootstrap3/default/chart-sparkline.html]
[www.webstrot.com/html/webstrotadmin/bootstrap3/default/assets/js/lib/knob/jquery.knob.min.js]
[www.webstrot.com/html/webstrotadmin/bootstrap3/default/assets/js/lib/knob/knob.init.js]
[www.webstrot.com/html/webstrotadmin/bootstrap3/default/chart-knob.html]
[www.webstrot.com/html/webstrotadmin/bootstrap3/default/assets/js/lib/jquery-ui/jquery-ui.min.js]
[www.webstrot.com/html/webstrotadmin/bootstrap3/default/assets/js/lib/moment/moment.js]
[www.webstrot.com/html/webstrotadmin/bootstrap3/default/assets/js/lib/calendar/fullcalendar.min.js]
[www.webstrot.com/html/webstrotadmin/bootstrap3/default/assets/js/lib/calendar/fullcalendar-init.js]
[www.webstrot.com/html/webstrotadmin/bootstrap3/default/app-event-calender.html]
[webstrot.com/html/webstrotadmin/bootstrap3/default/assets/css/lib/Unix.166.delayed]
[webstrot.com/html/webstrotadmin/bootstrap3/default/assets/js/lib/jquery.nicescroll.min.16c.delayed]
[www.webstrot.com/html/webstrotadmin/bootstrap3/default/app-email.html]
[www.webstrot.com/html/webstrotadmin/bootstrap3/default/app-profile.html]
[www.webstrot.com/html/webstrotadmin/bootstrap3/default/assets/js/lib/easing/jquery.easing.min.js]
[www.webstrot.com/html/webstrotadmin/bootstrap3/default/assets/js/lib/easing/stepup-form-init.js]
[www.webstrot.com/html/webstrotadmin/bootstrap3/default/assets/js/lib/line-progress/jquery.lineProgressbar.js]
[www.webstrot.com/html/webstrotadmin/bootstrap3/default/app-widget-card.html]
[www.webstrot.com/html/webstrotadmin/bootstrap3/default/ui-accordion.html]
[www.webstrot.com/html/webstrotadmin/bootstrap3/default/ui-alerts.html]
[www.webstrot.com/html/webstrotadmin/bootstrap3/default/ui-badges.html]
[www.webstrot.com/html/webstrotadmin/bootstrap3/default/ui-button.html]
[www.webstrot.com/html/webstrotadmin/bootstrap3/default/ui-dropdown.html]
[www.webstrot.com/html/webstrotadmin/bootstrap3/default/ui-list-group.html]
[www.webstrot.com/html/webstrotadmin/bootstrap3/default/ui-panels.html]
[www.webstrot.com/html/webstrotadmin/bootstrap3/default/ui-progressbar.html]
[www.webstrot.com/html/webstrotadmin/bootstrap3/default/ui-tab.html]
[www.webstrot.com/html/webstrotadmin/bootstrap3/default/ui-wells.html]
[www.webstrot.com/html/webstrotadmin/bootstrap3/default/uc-calendar.html]
[www.webstrot.com/html/webstrotadmin/bootstrap3/default/uc-carousel.html]
[www.webstrot.com/html/webstrotadmin/bootstrap3/default/uc-weather.html]
[www.webstrot.com/html/webstrotadmin/bootstrap3/default/uc-datamap.html]
[www.webstrot.com/html/webstrotadmin/bootstrap3/default/uc-todo-list.html]
[www.webstrot.com/html/webstrotadmin/bootstrap3/default/assets/images/scrollable/view-1-1200x800.jpg]
[www.webstrot.com/html/webstrotadmin/bootstrap3/default/assets/js/lib/scrollable/holder.js]
[www.webstrot.com/html/webstrotadmin/bootstrap3/default/assets/js/lib/scrollable/jquery-asScrollbar.js]
[www.webstrot.com/html/webstrotadmin/bootstrap3/default/assets/js/lib/scrollable/jquery-asScrollable.min.js]
[www.webstrot.com/html/webstrotadmin/bootstrap3/default/assets/js/lib/scrollable/scrollable.init.js]
[www.webstrot.com/html/webstrotadmin/bootstrap3/default/uc-scrollable.html]
[www.webstrot.com/html/webstrotadmin/bootstrap3/default/assets/js/lib/sweetalert/sweetalert.min.js]
[www.webstrot.com/html/webstrotadmin/bootstrap3/default/assets/js/lib/sweetalert/sweetalert.init.js]
[www.webstrot.com/html/webstrotadmin/bootstrap3/default/uc-sweetalert.html]
[www.webstrot.com/html/webstrotadmin/bootstrap3/default/assets/js/lib/toastr/toastr.min.js]
[www.webstrot.com/html/webstrotadmin/bootstrap3/default/assets/js/lib/toastr/toastr.init.js]
[www.webstrot.com/html/webstrotadmin/bootstrap3/default/uc-toastr.html]
[www.webstrot.com/html/webstrotadmin/bootstrap3/default/assets/js/lib/rangeSlider/ion.rangeSlider.min.js]
[www.webstrot.com/html/webstrotadmin/bootstrap3/default/assets/js/lib/rangeSlider/rangeslider.init.js]
[www.webstrot.com/html/webstrotadmin/bootstrap3/default/uc-range-slider-basic.html]
[www.webstrot.com/html/webstrotadmin/bootstrap3/default/assets/js/lib/rangeSlider/moment.js]
[www.webstrot.com/html/webstrotadmin/bootstrap3/default/assets/js/lib/rangeSlider/moment-with-locales.js]
[www.webstrot.com/html/webstrotadmin/bootstrap3/default/uc-range-slider-advance.html]
[www.webstrot.com/html/webstrotadmin/bootstrap3/default/uc-nestable.html]
[www.webstrot.com/html/webstrotadmin/bootstrap3/default/assets/js/lib/jquery-ui/jquery.ui.touch-punch.min.js]
[www.webstrot.com/html/webstrotadmin/bootstrap3/default/assets/js/lib/portlets/portlets.js]
[www.webstrot.com/html/webstrotadmin/bootstrap3/default/assets/js/lib/portlets/portlets-init.js]
[www.webstrot.com/html/webstrotadmin/bootstrap3/default/uc-portlets.html]
[www.webstrot.com/html/webstrotadmin/bootstrap3/default/assets/js/lib/barRating/jquery.barrating.js]
[www.webstrot.com/html/webstrotadmin/bootstrap3/default/assets/js/lib/barRating/barRating.init.js]
[www.webstrot.com/html/webstrotadmin/bootstrap3/default/uc-rating-bar-rating.html]
[www.webstrot.com/html/webstrotadmin/bootstrap3/default/uc-rating-jRate.html]
[www.webstrot.com/html/webstrotadmin/bootstrap3/default/table-basic.html]
[webstrot.com/html/webstrotadmin/bootstrap3/default/assets/css/lib/datatable/dataTables.bootstrap.min.1e0.delayed]
[webstrot.com/html/webstrotadmin/bootstrap3/default/assets/css/lib/datatable/buttons.bootstrap.min.1e2.delayed]
[www.webstrot.com/html/webstrotadmin/bootstrap3/default/assets/js/lib/data-table/datatables.min.js]
[www.webstrot.com/html/webstrotadmin/bootstrap3/default/assets/js/lib/data-table/datatables-init.js]
[www.webstrot.com/html/webstrotadmin/bootstrap3/default/table-data.html]
[webstrot.com/html/webstrotadmin/bootstrap3/default/assets/js/lib/data-table/buttons.dataTables.min.1ed.delayed]
[www.webstrot.com/html/webstrotadmin/bootstrap3/default/assets/js/lib/data-table/dataTables.buttons.min.js]
[www.webstrot.com/html/webstrotadmin/bootstrap3/default/assets/js/lib/data-table/buttons.flash.min.js]
[www.webstrot.com/html/webstrotadmin/bootstrap3/default/assets/js/lib/data-table/jszip.min.js]
[www.webstrot.com/html/webstrotadmin/bootstrap3/default/assets/js/lib/data-table/pdfmake.min.js]
[www.webstrot.com/html/webstrotadmin/bootstrap3/default/assets/js/lib/data-table/vfs_fonts.js]
[www.webstrot.com/html/webstrotadmin/bootstrap3/default/assets/js/lib/data-table/buttons.html5.min.js]
[www.webstrot.com/html/webstrotadmin/bootstrap3/default/assets/js/lib/data-table/buttons.print.min.js]
[www.webstrot.com/html/webstrotadmin/bootstrap3/default/table-export.html]
[webstrot.com/html/webstrotadmin/bootstrap3/default/assets/js/lib/data-table/dataTables.bootstrap.min.1f9.delayed]
[webstrot.com/html/webstrotadmin/bootstrap3/default/assets/js/lib/data-table/buttons.bootstrap.min.1fb.delayed]
[www.webstrot.com/html/webstrotadmin/bootstrap3/default/assets/js/lib/data-table/buttons.colVis.min.js]
[www.webstrot.com/html/webstrotadmin/bootstrap3/default/table-row-select.html]
[www.webstrot.com/html/webstrotadmin/bootstrap3/default/assets/js/lib/jsgrid/db.js]
[www.webstrot.com/html/webstrotadmin/bootstrap3/default/assets/js/lib/jsgrid/jsgrid.core.js]
[www.webstrot.com/html/webstrotadmin/bootstrap3/default/assets/js/lib/jsgrid/jsgrid.load-indicator.js]
[www.webstrot.com/html/webstrotadmin/bootstrap3/default/assets/js/lib/jsgrid/jsgrid.load-strategies.js]
[www.webstrot.com/html/webstrotadmin/bootstrap3/default/assets/js/lib/jsgrid/jsgrid.sort-strategies.js]
[www.webstrot.com/html/webstrotadmin/bootstrap3/default/assets/js/lib/jsgrid/jsgrid.field.js]
[www.webstrot.com/html/webstrotadmin/bootstrap3/default/assets/js/lib/jsgrid/fields/jsgrid.field.text.js]
[www.webstrot.com/html/webstrotadmin/bootstrap3/default/assets/js/lib/jsgrid/fields/jsgrid.field.number.js]
[www.webstrot.com/html/webstrotadmin/bootstrap3/default/assets/js/lib/jsgrid/fields/jsgrid.field.select.js]
[www.webstrot.com/html/webstrotadmin/bootstrap3/default/assets/js/lib/jsgrid/fields/jsgrid.field.checkbox.js]
[www.webstrot.com/html/webstrotadmin/bootstrap3/default/assets/js/lib/jsgrid/fields/jsgrid.field.control.js]
[www.webstrot.com/html/webstrotadmin/bootstrap3/default/assets/js/lib/jsgrid/jsgrid-init.js]
[www.webstrot.com/html/webstrotadmin/bootstrap3/default/table-jsgrid.html]
[www.webstrot.com/html/webstrotadmin/bootstrap3/default/font-themify.html]
[www.webstrot.com/html/webstrotadmin/bootstrap3/default/assets/js/lib/gmap/gmapApi.js]
[www.webstrot.com/html/webstrotadmin/bootstrap3/default/assets/js/lib/gmap/gmaps.js]
[www.webstrot.com/html/webstrotadmin/bootstrap3/default/assets/js/lib/gmap/gmap.init.js]
[www.webstrot.com/html/webstrotadmin/bootstrap3/default/gmaps.html]
[www.webstrot.com/html/webstrotadmin/bootstrap3/default/assets/js/lib/vector-map/jquery.vmap.js]
[www.webstrot.com/html/webstrotadmin/bootstrap3/default/assets/js/lib/vector-map/jquery.vmap.min.js]
[www.webstrot.com/html/webstrotadmin/bootstrap3/default/assets/js/lib/vector-map/jquery.vmap.sampledata.js]
[www.webstrot.com/html/webstrotadmin/bootstrap3/default/assets/js/lib/vector-map/country/jquery.vmap.world.js]
[www.webstrot.com/html/webstrotadmin/bootstrap3/default/assets/js/lib/vector-map/country/jquery.vmap.algeria.js]
[www.webstrot.com/html/webstrotadmin/bootstrap3/default/assets/js/lib/vector-map/country/jquery.vmap.argentina.js]
[www.webstrot.com/html/webstrotadmin/bootstrap3/default/assets/js/lib/vector-map/country/jquery.vmap.brazil.js]
[www.webstrot.com/html/webstrotadmin/bootstrap3/default/assets/js/lib/vector-map/country/jquery.vmap.france.js]
[www.webstrot.com/html/webstrotadmin/bootstrap3/default/assets/js/lib/vector-map/country/jquery.vmap.germany.js]
[www.webstrot.com/html/webstrotadmin/bootstrap3/default/assets/js/lib/vector-map/country/jquery.vmap.greece.js]
[www.webstrot.com/html/webstrotadmin/bootstrap3/default/assets/js/lib/vector-map/country/jquery.vmap.iran.js]
[www.webstrot.com/html/webstrotadmin/bootstrap3/default/assets/js/lib/vector-map/country/jquery.vmap.iraq.js]
[www.webstrot.com/html/webstrotadmin/bootstrap3/default/assets/js/lib/vector-map/country/jquery.vmap.russia.js]
[www.webstrot.com/html/webstrotadmin/bootstrap3/default/assets/js/lib/vector-map/country/jquery.vmap.tunisia.js]
[www.webstrot.com/html/webstrotadmin/bootstrap3/default/assets/js/lib/vector-map/country/jquery.vmap.europe.js]
[www.webstrot.com/html/webstrotadmin/bootstrap3/default/assets/js/lib/vector-map/country/jquery.vmap.usa.js]
[www.webstrot.com/html/webstrotadmin/bootstrap3/default/assets/js/lib/vector-map/country/jquery.vmap.turkey.js]
[www.webstrot.com/html/webstrotadmin/bootstrap3/default/assets/js/lib/vector-map/vector.init.js]
[www.webstrot.com/html/webstrotadmin/bootstrap3/default/vector-map.html]
[www.webstrot.com/html/webstrotadmin/bootstrap3/default/form-basic.html]
[www.webstrot.com/html/webstrotadmin/bootstrap3/default/assets/images/paypal.png]
[www.webstrot.com/html/webstrotadmin/bootstrap3/default/invoice.html]
[www.webstrot.com/html/webstrotadmin/bootstrap3/default/assets/js/lib/invoice-edit.js]
[www.webstrot.com/html/webstrotadmin/bootstrap3/default/invoice-editable.html]
[www.webstrot.com/html/webstrotadmin/bootstrap3/default/page-login.html]
[www.webstrot.com/html/webstrotadmin/bootstrap3/default/page-register.html]
[www.webstrot.com/html/webstrotadmin/bootstrap3/default/page-reset-password.html]
[www.webstrot.com/html/webstrotadmin/bootstrap3/default/assets/fonts/fontawesome-webfont3e6e.svg]
[www.webstrot.com/html/webstrotadmin/bootstrap3/default/assets/fonts/themify9f24.svg]
[www.webstrot.com/html/webstrotadmin/bootstrap3/default/assets/css/admin/assets/fonts/themify9f24.svg]
[webstrot.com/html/webstrotadmin/bootstrap3/default/assets/css/lib/owl.video.play.html]
[www.webstrot.com/html/webstrotadmin/bootstrap3/default/assets/fonts/weathericons-regular-webfont.svg]
[www.webstrot.com/html/webstrotadmin/bootstrap3/default/assets/fonts/MontserratLight.svg]
[www.webstrot.com/html/webstrotadmin/bootstrap3/default/assets/fonts/glyphicons-halflings-regular.svg]
[www.webstrot.com/html/webstrotadmin/bootstrap3/default/assets/css/lib/calendar2/semantic.ui.min.css]
[www.webstrot.com/html/webstrotadmin/bootstrap3/default/assets/css/lib/calendar2/pignose.calendar.min.css]
[www.webstrot.com/html/webstrotadmin/bootstrap3/default/assets/css/lib/calendar/fullcalendar.css]
[webstrot.com/html/webstrotadmin/bootstrap3/default/assets/css/lib/Unix.html]
[webstrot.com/html/webstrotadmin/bootstrap3/default/assets/js/lib/jquery.nicescroll.min.html]
[www.webstrot.com/html/webstrotadmin/bootstrap3/default/assets/css/lib/scrollable/scrollable.min.css]
[www.webstrot.com/html/webstrotadmin/bootstrap3/default/assets/css/lib/sweetalert/sweetalert.css]
[www.webstrot.com/html/webstrotadmin/bootstrap3/default/assets/css/lib/toastr/toastr.min.css]
[www.webstrot.com/html/webstrotadmin/bootstrap3/default/assets/css/lib/rangSlider/ion.rangeSlider.css]
[www.webstrot.com/html/webstrotadmin/bootstrap3/default/assets/images/rangeSliderimg/sprite-skin-flat.png]
[www.webstrot.com/html/webstrotadmin/bootstrap3/default/assets/css/lib/rangSlider/ion.rangeSlider.skinFlat.css]
[www.webstrot.com/html/webstrotadmin/bootstrap3/default/assets/css/lib/nestable/nestable.css]
[www.webstrot.com/html/webstrotadmin/bootstrap3/default/assets/css/lib/lobi-panel/lobipanel.min.css]
[www.webstrot.com/html/webstrotadmin/bootstrap3/default/assets/css/lib/barRating/barRating.css]
[webstrot.com/html/webstrotadmin/bootstrap3/default/assets/css/lib/datatable/dataTables.bootstrap.min.html]
[webstrot.com/html/webstrotadmin/bootstrap3/default/assets/css/lib/datatable/buttons.bootstrap.min.html]
[www.webstrot.com/html/webstrotadmin/bootstrap3/default/assets/css/lib/data-table/buttons.bootstrap.min.css]
[webstrot.com/html/webstrotadmin/bootstrap3/default/assets/js/lib/data-table/buttons.dataTables.min.html]
[webstrot.com/html/webstrotadmin/bootstrap3/default/assets/js/lib/data-table/dataTables.bootstrap.min.html]
[webstrot.com/html/webstrotadmin/bootstrap3/default/assets/js/lib/data-table/buttons.bootstrap.min.html]
[www.webstrot.com/html/webstrotadmin/bootstrap3/default/assets/css/lib/jsgrid/jsgrid-theme.min.css]
[www.webstrot.com/html/webstrotadmin/bootstrap3/default/assets/css/lib/jsgrid/jsgrid.min.css]
[www.webstrot.com/html/webstrotadmin/bootstrap3/default/assets/css/lib/vector-map/jqvmap.min.css]
[www.webstrot.com/html/webstrotadmin/bootstrap3/default/assets/images/user-female.png]
[www.webstrot.com/html/webstrotadmin/bootstrap3/default/assets/images/product.jpg]
[www.webstrot.com/html/webstrotadmin/bootstrap3/default/assets/images/product_1/image-8-226x223.jpg]
[www.webstrot.com/html/webstrotadmin/bootstrap3/default/assets/js/lib/rangeSlider/moment-with-locales.js]
[michaeltruong.ca/images/logo1.png]
[michaeltruong.ca/images/client.jpg]
[www.webstrot.com/html/webstrotadmin/bootstrap3/default/assets/images/product.jpg]
[www.webstrot.com/html/webstrotadmin/bootstrap3/default/assets/images/user-female.png]
[www.webstrot.com/html/webstrotadmin/bootstrap3/default/assets/js/lib/rangeSlider/moment-with-locales.js]
